---
source: crates/cli/tests/deprecated.rs
expression: "\"mkAliasOptionModuleMD old new\""
---
[17] Warning: Found usage of deprecated Nix feature
   ╭─[<temp_file_path>:1:1]
   │
 1 │ mkAliasOptionModuleMD old new
   │ ──────────┬──────────  
   │           ╰──────────── mkAliasOptionModuleMD is deprecated, use mkAliasOptionModule instead
───╯
