---
source: crates/cli/tests/if_else_empty_list.rs
expression: "\"if config.foo.enable then [ foo bar ] else []\\n\""
---
[33] Warning: Prefer `lib.optionals` over `if cond then [...] else []`
   ╭─[<temp_file_path>:1:1]
   │
 1 │ if config.foo.enable then [ foo bar ] else []
   │ ──────────────────────┬──────────────────────  
   │                       ╰──────────────────────── Use lib.optionals to express conditional list inclusion
───╯
