---
source: crates/cli/tests/if_else_empty_attrset.rs
expression: "\"base // (if config.foo.enable then { bar = 1; } else {})\\n\""
---
[28] Warning: Prefer `lib.optionalAttrs` over `if cond then attrs else {}`
   ╭─[<temp_file_path>:1:10]
   │
 1 │ base // (if config.foo.enable then { bar = 1; } else {})
   │          ───────────────────────┬──────────────────────  
   │                                 ╰──────────────────────── Replace if ... then { ... } else {} with a builtins.listToAttrs expansion for config.foo.enable
───╯
