---
source: crates/cli/tests/if_else_empty_attrset.rs
expression: "\"if cond then {\\n  foo = 1;\\n  bar =\\n    let\\n      baz = 2;\\n    in\\n      baz;\\n} else {}\\n\""
---
--- <temp_file_path>
+++ <temp_file_path> [fixed]
@@ -1,9 +1,9 @@
-if cond then {
+lib.optionalAttrs cond {
   foo = 1;
   bar =
     let
       baz = 2;
     in
       baz;
-} else {}
+}
