---
source: crates/cli/tests/list_concat_merge.rs
expression: "\"[ x y ] ++ lib.optional cond [ z ] ++ [ n m ]\""
---
[35] Warning: Multiple list concatenations that can be merged
   ╭─[<temp_file_path>:1:1]
   │
 1 │ [ x y ] ++ lib.optional cond [ z ] ++ [ n m ]
   │ ──────────────────────┬──────────────────────  
   │                       ╰──────────────────────── Multiple list concatenations that can be merged
───╯
