---
source: crates/cli/tests/list_concat_merge.rs
expression: "\"[ a ] ++ lib.optionals cfg.enable [ b ] ++ [ c ]\""
---
[35] Warning: Multiple list concatenations that can be merged
   ╭─[<temp_file_path>:1:1]
   │
 1 │ [ a ] ++ lib.optionals cfg.enable [ b ] ++ [ c ]
   │ ────────────────────────┬───────────────────────  
   │                         ╰───────────────────────── Multiple list concatenations that can be merged
───╯
