---
source: crates/cli/tests/list_concat_merge.rs
expression: "\"[ piAgentsPkg piCodexFastPkg ] ++ lib.optionals cfg.rtk.enable [ piRtkPkg ] ++ [ piCompactToolsPkg piToolManagementPkg ]\""
---
[35] Warning: Multiple list concatenations that can be merged
   ╭─[<temp_file_path>:1:1]
   │
 1 │ [ piAgentsPkg piCodexFastPkg ] ++ lib.optionals cfg.rtk.enable [ piRtkPkg ] ++ [ piCompactToolsPkg piToolManagementPkg ]
   │ ────────────────────────────────────────────────────────────┬───────────────────────────────────────────────────────────  
   │                                                             ╰───────────────────────────────────────────────────────────── Multiple list concatenations that can be merged
───╯
