---
source: crates/cli/tests/list_concat_merge.rs
expression: "\"[ a b c ] ++ lib.optionals cfg.someCond [ d ] ++ [ e f g ]\""
---
[35] Warning: Multiple list concatenations that can be merged
   ╭─[<temp_file_path>:1:1]
   │
 1 │ [ a b c ] ++ lib.optionals cfg.someCond [ d ] ++ [ e f g ]
   │ ─────────────────────────────┬────────────────────────────  
   │                              ╰────────────────────────────── Multiple list concatenations that can be merged
───╯
