---
source: crates/cli/tests/manual_inherit.rs
expression: "\"let y = 2; in { x.y = y; }\""
---
[30] Warning: Let binding used only once; consider inlining
   ╭─[<temp_file_path>:1:5]
   │
 1 │ let y = 2; in { x.y = y; }
   ·     ───┬──            ┬  
   ·        ╰───────────────── y is only used once; consider inlining
   ·                       │  
   ·                       ╰── y is only used once; consider inlining
───╯
