---
source: crates/cli/tests/redundant_if_bool.rs
expression: "\"if cond then false else true\""
---
[27] Warning: Redundant `if` expression with boolean literals
   ╭─[<temp_file_path>:1:1]
   │
 1 │ if cond then false else true
   · ──────────────┬─────────────  
   ·               ╰─────────────── Use !cond instead of if cond then false else true
───╯
