---
source: crates/cli/tests/repeated_keys.rs
expression: "\"{\\n  foo.a = 1;\\n  # keep this comment near the removed occurrence\\n  foo.b = 2;\\n  foo.c = 3;\\n}\\n\""
---
--- <temp_file_path>
+++ <temp_file_path> [fixed]
@@ -1,7 +1,9 @@
 {
-  foo.a = 1;
+  foo = {
+    a = 1;
+    b = 2;
+    c = 3;
+  };
   # keep this comment near the removed occurrence
-  foo.b = 2;
-  foo.c = 3;
 }
