---
source: crates/cli/tests/repeated_expression.rs
expression: "\"let\\n  x = 1;\\nin\\n  pkgs.stdenv.mkDerivation { } // pkgs.stdenv.mkDerivation { }\\n\""
---
[34] Warning: Expression repeated; consider extracting into a let binding
   ╭─[<temp_file_path>:4:3]
   │
 4 │   pkgs.stdenv.mkDerivation { } // pkgs.stdenv.mkDerivation { }
   │   ──────────────┬─────────────    ──────────────┬─────────────  
   │                 ╰─────────────────────────────────────────────── pkgs.stdenv.mkDerivation { } is repeated; consider extracting into a let binding
   │                                                 │               
   │                                                 ╰─────────────── pkgs.stdenv.mkDerivation { } is repeated; consider extracting into a let binding
───╯
