---
source: crates/cli/tests/repeated_expression.rs
expression: "\"let\\n  x = 1;\\nin\\n  pkgs.stdenv.mkDerivation { } // pkgs.stdenv.mkDerivation { }\\n\""
---
--- <temp_file_path>
+++ <temp_file_path> [fixed]
@@ -1,5 +1,2 @@
-let
-  x = 1;
-in
-  pkgs.stdenv.mkDerivation { } // pkgs.stdenv.mkDerivation { }
+pkgs.stdenv.mkDerivation { } // pkgs.stdenv.mkDerivation { }
