---
source: crates/cli/tests/repeated_keys.rs
expression: "\"{\\n  foo.a = 1;\\n  bar = 2;\\n  foo.b =\\n    let\\n      x = 1;\\n    in\\n      x;\\n  foo.c = 3;\\n}\\n\""
---
[20] Warning: Avoid repeated keys in attribute sets
   ╭─[<temp_file_path>:2:3]
   │
 2 │         foo.a = 1;
   ·         ──┬──┬────  
   ·           ╰───────── The key foo is first assigned here ...
   ·              │      
   ·              ╰────── ... and here. Try foo = { a=...; b=...; c=...; } instead.
 3 │ ╭───▶   bar = 2;
 4 │ │       foo.b =
   · │       ──┬──  
   · │         ╰──── ... repeated here ...
   ⋮ ⋮     
 8 │ ├───▶       x;
   · │             │  
   · ╰──────────────── ... and here. Try foo = { a=...; b=...; c=...; } instead.
   ·               │  
   ·   ╭───────────╯  
 9 │   ├─▶   foo.c = 3;
   ·   │                  
   ·   ╰────────────────── ... and here. Try foo = { a=...; b=...; c=...; } instead.
───╯
[30] Warning: Let binding used only once; consider inlining
   ╭─[<temp_file_path>:6:7]
   │
 6 │       x = 1;
   ·       ───┬──  
   ·          ╰──── x is only used once; consider inlining
   · 
 8 │       x;
   ·       ┬  
   ·       ╰── x is only used once; consider inlining
───╯
