---
source: crates/cli/tests/single_use_let.rs
expression: "\"let\\n  gpuArgs =\\n    optionals (disableFeatures != []) [\\n      \\\"--disable-features=${concatStringsSep \\\",\\\" disableFeatures}\\\"\\n    ]\\n    ++ optionals (!smoothScroll) [\\n      \\\"--disable-smooth-scrolling\\\"\\n    ];\\nin\\n  concatStringsSep \\\" \\\" (gpuArgs ++ extraArgs)\\n\""
---

