---
source: crates/cli/tests/single_use_let.rs
assertion_line: 7
expression: "\"let\\n  gpuArgs =\\n    optionals (disableFeatures != []) [\\n      \\\"--disable-features=${concatStringsSep \\\",\\\" disableFeatures}\\\"\\n    ]\\n    ++ optionals (!smoothScroll) [\\n      \\\"--disable-smooth-scrolling\\\"\\n    ];\\nin\\n  concatStringsSep \\\" \\\" (gpuArgs ++ extraArgs)\\n\""
---
--- <temp_file_path>
+++ <temp_file_path> [fixed]
@@ -1,11 +1,7 @@
-let
-  gpuArgs =
-    optionals (disableFeatures != []) [
+concatStringsSep " " ((optionals (disableFeatures != []) [
       "--disable-features=${concatStringsSep "," disableFeatures}"
     ]
     ++ optionals (!smoothScroll) [
       "--disable-smooth-scrolling"
-    ];
-in
-  concatStringsSep " " (gpuArgs ++ extraArgs)
+    ]) ++ extraArgs)
