---
source: crates/cli/tests/single_use_let.rs
expression: "\"let\\n  x = someExpr;\\nin\\n  \\\"value: ${x}\\\"\\n\""
---
[30] Warning: Let binding used only once; consider inlining
   ╭─[<temp_file_path>:2:3]
   │
 2 │   x = someExpr;
   │   ──────┬──────  
   │         ╰──────── x is only used once; consider inlining
   │ 
 4 │   "value: ${x}"
   │           ──┬─  
   │             ╰─── x is only used once; consider inlining
───╯
