---
source: crates/cli/tests/unquoted_splice.rs
expression: "\"nixpkgs.legacyPackages.${system}\""
---
[09] Warning: Found unquoted splice expression
   ╭─[<temp_file_path>:1:24]
   │
 1 │ nixpkgs.legacyPackages.${system}
   ·                        ────┬────  
   ·                            ╰────── Consider quoting this splice expression
───╯
