---
source: crates/cli/tests/unsorted_pattern_params.rs
assertion_line: 5
expression: "\"({ pkgs, lib, config, flakeInputs, ... }: config)\""
---
--- <temp_file_path>
+++ <temp_file_path> [fixed]
@@ -1 +1 @@
-({ pkgs, lib, config, flakeInputs, ... }: config)
+({ config, lib, pkgs, flakeInputs, ... }: config)
