---
source: crates/cli/tests/unsorted_pattern_params.rs
assertion_line: 5
expression: "\"({ config, lib, pkgs, zebra, alpha, ... }: config)\""
---
--- <temp_file_path>
+++ <temp_file_path> [fixed]
@@ -1 +1 @@
-({ config, lib, pkgs, zebra, alpha, ... }: config)
+({ config, lib, pkgs, alpha, zebra, ... }: config)
