---
source: crates/cli/tests/unsorted_pattern_params.rs
assertion_line: 5
expression: "\"({ pkgs, config, lib, ... } @ args: args.foo)\""
---
[35] Warning: Function pattern parameters are not in canonical order
   ╭─[<temp_file_path>:1:2]
   │
 1 │ ({ pkgs, config, lib, ... } @ args: args.foo)
   │  ────────────────┬────────────────  
   │                  ╰────────────────── Reorder parameters to canonical order: config, lib, pkgs, then alphabetical
───╯
