---
source: crates/cli/tests/unused_inherit.rs
expression: "\"let inherit (lib) mkIf; keep = 1; in lib.mkIf (keep == keep) {}\""
---
[37] Warning: Inherited name is never used
   ╭─[<temp_file_path>:1:5]
   │
 1 │ let inherit (lib) mkIf; keep = 1; in lib.mkIf (keep == keep) {}
   │     ─────────┬─────────  
   │              ╰─────────── mkIf is inherited but never used
───╯
