---
source: crates/cli/tests/useless_parens.rs
expression: "\"let a = 0; in (null)\""
---
[08] Warning: These parentheses can be omitted
   ╭─[<temp_file_path>:1:15]
   │
 1 │ let a = 0; in (null)
   │               ───┬──  
   │                  ╰──── Useless parentheses around body of let expression
───╯
