---
source: crates/cli/tests/useless_parens.rs
expression: "\"let b = 0; in (b)\""
---
[08] Warning: These parentheses can be omitted
   ╭─[<temp_file_path>:1:15]
   │
 1 │ let b = 0; in (b)
   │               ─┬─  
   │                ╰─── Useless parentheses around body of let expression
───╯
[30] Warning: Let binding used only once; consider inlining
   ╭─[<temp_file_path>:1:5]
   │
 1 │ let b = 0; in (b)
   │     ───┬──     ┬  
   │        ╰────────── b is only used once; consider inlining
   │                │  
   │                ╰── b is only used once; consider inlining
───╯
