---
source: crates/cli/tests/with_expression.rs
expression: "\"with pkgs; [ git curl ]\""
---
[24] Warning: Avoid `with` expressions
   ╭─[<temp_file_path>:1:1]
   │
 1 │ with pkgs; [ git curl ]
   │ ───────────┬───────────  
   │            ╰───────────── with pkgs; introduces implicit scope; use explicit attribute access or inherit instead
───╯
